Configuration on demand is an incubating feature.

FAILURE: Build failed with an exception.

* Where:
Build file 'C:\Users\Avina\OneDrive\Documents\BoomingMusic-master\D2\BoomingMusic-master\app\build.gradle.kts' line: 5

* What went wrong:
An exception occurred applying plugin request [id: 'com.android.application', version: '9.3.0']
> Failed to apply plugin 'com.android.internal.application'.
   > Failed to create service 'com.android.build.gradle.internal.services.AndroidLocationsBuildService_a6e4b017-c88e-499a-ab9c-51e37450cbf0'.
      > Could not create an instance of type com.android.build.gradle.internal.services.AndroidLocationsBuildService.
         > Could not create provider for value source AndroidLocationsBuildService.AndroidDirectoryCreator.

* Try:
> Run with --stacktrace option to get the stack trace.
> Run with --info or --debug option to get more log output.
> Run with --scan to get full insights from a Build Scan (powered by Develocity).
> Get more help at https://help.gradle.org.

BUILD FAILED in 2s
